[28tech.com.vn/index.html]
[backblue.gif]
[fade.gif]
[index.html]
[28tech.com.vn/templates/app01/assets/css/fonts.css]
[cdn-main.28tech.com.vn/media/core/favicon.png]
[28tech.com.vn/templates/app01/assets/css/variable.css]
[28tech.com.vn/templates/app01/assets/histudy/css/vendor/bootstrap.min.css]
[28tech.com.vn/templates/app01/assets/lib/bootstrap-datepicker/bootstrap-datepicker.min.css]
[28tech.com.vn/templates/app01/assets/lib/iconsax.css]
[28tech.com.vn/templates/app01/assets/histudy/css/vendor/slick.css]
[28tech.com.vn/templates/app01/assets/histudy/css/vendor/slick-theme.css]
[28tech.com.vn/templates/app01/assets/lib/sweetalert2/sweetalert2.css]
[28tech.com.vn/templates/app01/assets/lib/lightgallery.css]
[28tech.com.vn/templates/app01/assets/css/catalogue.css]
[28tech.com.vn/templates/app01/assets/css/order.css]
[28tech.com.vn/templates/app01/assets/css/compare.css]
[28tech.com.vn/templates/app01/assets/css/member.css]
[28tech.com.vn/templates/app01/assets/css/comment-rating.css]
[28tech.com.vn/templates/app01/assets/css/utilities.css]
[28tech.com.vn/templates/app01/assets/css/page.css]
[28tech.com.vn/templates/app01/assets/histudy/css/plugins/sal.css]
[28tech.com.vn/templates/app01/assets/histudy/css/plugins/feather.css]
[28tech.com.vn/templates/app01/assets/histudy/css/plugins/fontawesome.min.css]
[28tech.com.vn/templates/app01/assets/histudy/css/plugins/euclid-circulara.css]
[28tech.com.vn/templates/app01/assets/histudy/css/plugins/swiper.css]
[28tech.com.vn/templates/app01/assets/histudy/css/plugins/magnify.css]
[28tech.com.vn/templates/app01/assets/histudy/css/plugins/odometer.css]
[28tech.com.vn/templates/app01/assets/histudy/css/plugins/animation.css]
[28tech.com.vn/templates/app01/assets/histudy/css/plugins/bootstrap-select.min.css]
[28tech.com.vn/templates/app01/assets/histudy/css/plugins/jquery-ui.css]
[28tech.com.vn/templates/app01/assets/histudy/css/plugins/magnigy-popup.min.css]
[28tech.com.vn/templates/app01/assets/histudy/css/plugins/plyr.css]
[28tech.com.vn/templates/app01/assets/histudy/css/style.css]
[28tech.com.vn/templates/app01/assets/css/custom.css]
[28tech.com.vn/khoa-hoc.html]
[cdn-main.28tech.com.vn/media/core/background/hero-bg.jpg]
[cdn-main.28tech.com.vn/media/anh-khoa-hoc/lo_trinh_khoa_hoc/nh lộ trình 2025.png]
[28tech.com.vn/co-so-du-lieu-va-sql.html]
[28tech.com.vn/lap-trinh-fullstack.html]
[28tech.com.vn/lap-trinh-c-co-ban-toi-nang-cao.html]
[28tech.com.vn/lap-trinh-c-nang-cao.html]
[28tech.com.vn/cau-truc-du-lieu-va-giai-thuat.html]
[28tech.com.vn/lap-trinh-thi-dau.html]
[28tech.com.vn/lap-trinh-huong-doi-tuong-voi-java.html]
[28tech.com.vn/lap-trinh-front-end.html]
[28tech.com.vn/lap-trinh-back-end-nodejs.html]
[28tech.com.vn/lap-trinh-back-end-java.html]
[cdn-main.28tech.com.vn/media/anh-khoa-hoc/lo_trinh_khoa_hoc/asset 1.png]
[cdn-main.28tech.com.vn/media/anh-khoa-hoc/lo_trinh_khoa_hoc/asset 5.png]
[cdn-main.28tech.com.vn/media/anh-khoa-hoc/lo_trinh_khoa_hoc/asset 3.png]
[28tech.com.vn/member/forgot-password.html]
[28tech.com.vn/member/register.html]
[28tech.com.vn/templates/app01/assets/js/constants.js]
[28tech.com.vn/templates/app01/assets/js/locales/vi.js]
[28tech.com.vn/templates/app01/assets/lib/jquery/jquery-3.5.1.min.js]
[28tech.com.vn/templates/app01/assets/js/jquery-migrate-1.4.1.min.js]
[28tech.com.vn/templates/app01/assets/lib/jquery-lazy/jquery.lazy.min.js]
[28tech.com.vn/templates/app01/assets/lib/jquery-lazy/jquery.lazy.plugins.min.js]
[28tech.com.vn/templates/app01/assets/js/lazy.js]
[28tech.com.vn/templates/app01/assets/lib/jquery/jquery.validate.min.js]
[28tech.com.vn/templates/app01/assets/lib/jquery/jquery.cookie.js]
[28tech.com.vn/templates/app01/assets/lib/bootstrap/popper.min.js]
[28tech.com.vn/templates/app01/assets/lib/bootstrap/bootstrap.min.js]
[28tech.com.vn/templates/app01/assets/lib/bootstrap-select/bootstrap-select.min.js]
[28tech.com.vn/templates/app01/assets/lib/bootstrap-datepicker/bootstrap-datepicker.min.js]
[28tech.com.vn/templates/app01/assets/lib/bootstrap-datepicker/locales/vi.js]
[28tech.com.vn/templates/app01/assets/lib/slick.min.js]
[28tech.com.vn/templates/app01/assets/lib/lightgallery-all.min.js]
[28tech.com.vn/templates/app01/assets/lib/jquery-ui/jquery-ui.min.js]
[28tech.com.vn/templates/app01/assets/lib/sweetalert2/sweetalert2.min.js]
[28tech.com.vn/templates/app01/assets/lib/tocbot/tocbot.min.js]
[28tech.com.vn/templates/app01/assets/lib/inputmask/jquery.inputmask.min.js]
[28tech.com.vn/templates/app01/assets/js/main.js]
[28tech.com.vn/templates/app01/assets/js/menu.js]
[28tech.com.vn/templates/app01/assets/js/search.js]
[28tech.com.vn/templates/app01/assets/js/catalogue.js]
[28tech.com.vn/templates/app01/assets/js/product.js]
[28tech.com.vn/templates/app01/assets/js/order.js]
[28tech.com.vn/templates/app01/assets/js/wishlist.js]
[28tech.com.vn/templates/app01/assets/js/compare.js]
[28tech.com.vn/templates/app01/assets/js/member.js]
[28tech.com.vn/templates/app01/assets/js/contact1c1d.js]
[28tech.com.vn/templates/app01/assets/js/comment.js]
[28tech.com.vn/templates/app01/assets/histudy/js/vendor/modernizr.min.js]
[28tech.com.vn/templates/app01/assets/histudy/js/vendor/bootstrap.min.js]
[28tech.com.vn/templates/app01/assets/histudy/js/vendor/sal.js]
[28tech.com.vn/templates/app01/assets/histudy/js/vendor/swiper.js]
[28tech.com.vn/templates/app01/assets/histudy/js/vendor/magnify.min.js]
[28tech.com.vn/templates/app01/assets/histudy/js/vendor/jquery-appear.js]
[28tech.com.vn/templates/app01/assets/histudy/js/vendor/odometer.js]
[28tech.com.vn/templates/app01/assets/histudy/js/vendor/backtotop.js]
[28tech.com.vn/templates/app01/assets/histudy/js/vendor/isotop.js]
[28tech.com.vn/templates/app01/assets/histudy/js/vendor/imageloaded.js]
[28tech.com.vn/templates/app01/assets/histudy/js/vendor/wow.js]
[28tech.com.vn/templates/app01/assets/histudy/js/vendor/waypoint.min.js]
[28tech.com.vn/templates/app01/assets/histudy/js/vendor/easypie.js]
[28tech.com.vn/templates/app01/assets/histudy/js/vendor/text-type.js]
[28tech.com.vn/templates/app01/assets/histudy/js/vendor/jquery-one-page-nav.js]
[28tech.com.vn/templates/app01/assets/histudy/js/vendor/bootstrap-select.min.js]
[28tech.com.vn/templates/app01/assets/histudy/js/vendor/jquery-ui.js]
[28tech.com.vn/templates/app01/assets/histudy/js/vendor/magnify-popup.min.js]
[28tech.com.vn/templates/app01/assets/histudy/js/vendor/paralax-scroll.js]
[28tech.com.vn/templates/app01/assets/histudy/js/vendor/paralax.min.js]
[28tech.com.vn/templates/app01/assets/histudy/js/vendor/countdown.js]
[28tech.com.vn/templates/app01/assets/histudy/js/vendor/plyr.js]
[28tech.com.vn/templates/app01/assets/histudy/js/main.js]
[28tech.com.vn/templates/app01/assets/js/custom.js]
[28tech.com.vn/index.html]
[28tech.com.vn/templates/app01/assets/fonts/iconsax92de.woff2]
[28tech.com.vn/templates/app01/assets/css/fonts.css]
[28tech.com.vn/templates/app01/assets/css/variable.css]
[28tech.com.vn/templates/app01/assets/histudy/css/vendor/bootstrap.min.css]
[28tech.com.vn/templates/app01/assets/lib/bootstrap-datepicker/bootstrap-datepicker.min.css]
[28tech.com.vn/templates/app01/assets/lib/iconsax.css]
[28tech.com.vn/templates/app01/assets/histudy/css/vendor/slick.css]
[28tech.com.vn/templates/app01/assets/histudy/css/vendor/slick-theme.css]
[28tech.com.vn/templates/app01/assets/lib/sweetalert2/sweetalert2.css]
[28tech.com.vn/templates/app01/assets/fonts/lg8306.ttf]
[28tech.com.vn/templates/app01/assets/fonts/lg8306.woff]
[28tech.com.vn/templates/app01/assets/fonts/lg8306.svg]
[28tech.com.vn/templates/app01/assets/img/vimeo-play.png]
[28tech.com.vn/templates/app01/assets/img/video-play.png]
[28tech.com.vn/templates/app01/assets/img/youtube-play.png]
[28tech.com.vn/templates/app01/assets/img/loading.gif]
[28tech.com.vn/templates/app01/assets/lib/lightgallery.css]
[28tech.com.vn/templates/app01/assets/css/catalogue.css]
[28tech.com.vn/templates/app01/assets/css/order.css]
[28tech.com.vn/templates/app01/assets/css/compare.css]
[28tech.com.vn/templates/app01/assets/css/member.css]
[28tech.com.vn/templates/app01/assets/css/comment-rating.css]
[28tech.com.vn/templates/app01/assets/img/shopping-basket.svg]
[28tech.com.vn/templates/app01/assets/css/utilities.css]
[28tech.com.vn/templates/app01/assets/media/combined-shape.svg]
[28tech.com.vn/templates/app01/assets/img/video-player.svg]
[28tech.com.vn/templates/app01/assets/img/youtube-logo.svg]
[28tech.com.vn/templates/app01/assets/img/3d.svg]
[28tech.com.vn/templates/app01/assets/img/full-screen.svg]
[28tech.com.vn/templates/app01/assets/css/page.css]
[28tech.com.vn/templates/app01/assets/histudy/css/plugins/sal.css]
[28tech.com.vn/templates/app01/assets/histudy/fonts/Feather.ttf]
[28tech.com.vn/templates/app01/assets/histudy/fonts/Feather.woff]
[28tech.com.vn/templates/app01/assets/histudy/fonts/Feather.svg]
[28tech.com.vn/templates/app01/assets/histudy/css/plugins/feather.css]
[28tech.com.vn/templates/app01/assets/histudy/fonts/fontawesome-free/webfonts/fa-brands-400.eot]
[28tech.com.vn/templates/app01/assets/histudy/fonts/fontawesome-free/webfonts/fa-brands-400-1.eot]
[28tech.com.vn/templates/app01/assets/histudy/fonts/fontawesome-free/webfonts/fa-brands-400.woff2]
[28tech.com.vn/templates/app01/assets/histudy/fonts/fontawesome-free/webfonts/fa-brands-400.woff]
[28tech.com.vn/templates/app01/assets/histudy/fonts/fontawesome-free/webfonts/fa-brands-400.ttf]
[28tech.com.vn/templates/app01/assets/histudy/fonts/fontawesome-free/webfonts/fa-regular-400.eot]
[28tech.com.vn/templates/app01/assets/histudy/fonts/fontawesome-free/webfonts/fa-regular-400-1.eot]
[28tech.com.vn/templates/app01/assets/histudy/fonts/fontawesome-free/webfonts/fa-brands-400.svg]
[28tech.com.vn/templates/app01/assets/histudy/fonts/fontawesome-free/webfonts/fa-regular-400.woff2]
[28tech.com.vn/templates/app01/assets/histudy/fonts/fontawesome-free/webfonts/fa-regular-400.woff]
[28tech.com.vn/templates/app01/assets/histudy/fonts/fontawesome-free/webfonts/fa-regular-400.ttf]
[28tech.com.vn/templates/app01/assets/histudy/fonts/fontawesome-free/webfonts/fa-regular-400.svg]
[28tech.com.vn/templates/app01/assets/histudy/fonts/fontawesome-free/webfonts/fa-solid-900.eot]
[28tech.com.vn/templates/app01/assets/histudy/fonts/fontawesome-free/webfonts/fa-solid-900-1.eot]
[28tech.com.vn/templates/app01/assets/histudy/fonts/fontawesome-free/webfonts/fa-solid-900.woff2]
[28tech.com.vn/templates/app01/assets/histudy/fonts/fontawesome-free/webfonts/fa-solid-900.woff]
[28tech.com.vn/templates/app01/assets/histudy/fonts/fontawesome-free/webfonts/fa-solid-900.ttf]
[28tech.com.vn/templates/app01/assets/histudy/css/plugins/fontawesome.min.css]
[28tech.com.vn/templates/app01/assets/histudy/fonts/EuclidCircularA-BoldItalic.woff2]
[28tech.com.vn/templates/app01/assets/histudy/fonts/fontawesome-free/webfonts/fa-solid-900.svg]
[28tech.com.vn/templates/app01/assets/histudy/fonts/EuclidCircularA-BoldItalic.woff]
[28tech.com.vn/templates/app01/assets/histudy/fonts/EuclidCircularA-Italic.woff2]
[28tech.com.vn/templates/app01/assets/histudy/fonts/EuclidCircularA-Italic.woff]
[28tech.com.vn/templates/app01/assets/histudy/fonts/EuclidCircularA-LightItalic.woff2]
[28tech.com.vn/templates/app01/assets/histudy/fonts/EuclidCircularA-LightItalic.woff]
[28tech.com.vn/templates/app01/assets/histudy/fonts/EuclidCircularA-Bold.woff2]
[28tech.com.vn/templates/app01/assets/histudy/fonts/EuclidCircularA-Bold.woff]
[28tech.com.vn/templates/app01/assets/histudy/fonts/EuclidCircularA-MediumItalic.woff2]
[28tech.com.vn/templates/app01/assets/histudy/fonts/EuclidCircularA-MediumItalic.woff]
[28tech.com.vn/templates/app01/assets/histudy/fonts/EuclidCircularA-Light.woff2]
[28tech.com.vn/templates/app01/assets/histudy/fonts/EuclidCircularA-Light.woff]
[28tech.com.vn/templates/app01/assets/histudy/fonts/EuclidCircularA-Medium.woff2]
[28tech.com.vn/templates/app01/assets/histudy/fonts/EuclidCircularA-Medium.woff]
[28tech.com.vn/templates/app01/assets/histudy/fonts/EuclidCircularA-Regular.woff2]
[28tech.com.vn/templates/app01/assets/histudy/fonts/EuclidCircularA-Regular.woff]
[28tech.com.vn/templates/app01/assets/histudy/fonts/EuclidCircularA-SemiBoldItalic.woff2]
[28tech.com.vn/templates/app01/assets/histudy/fonts/EuclidCircularA-SemiBoldItalic.woff]
[28tech.com.vn/templates/app01/assets/histudy/fonts/EuclidCircularA-SemiBold.woff2]
[28tech.com.vn/templates/app01/assets/histudy/fonts/EuclidCircularA-SemiBold.woff]
[28tech.com.vn/templates/app01/assets/histudy/css/plugins/euclid-circulara.css]
[28tech.com.vn/templates/app01/assets/histudy/css/plugins/swiper.css]
[28tech.com.vn/templates/app01/assets/histudy/css/plugins/magnify.css]
[28tech.com.vn/templates/app01/assets/histudy/css/plugins/odometer.css]
[28tech.com.vn/templates/app01/assets/histudy/css/plugins/animation.css]
[28tech.com.vn/templates/app01/assets/histudy/css/plugins/bootstrap-select.min.css]
[28tech.com.vn/templates/app01/assets/histudy/css/plugins/jquery-ui.css]
[28tech.com.vn/templates/app01/assets/histudy/css/plugins/magnigy-popup.min.css]
[28tech.com.vn/templates/app01/assets/histudy/css/plugins/plyr.css]
[28tech.com.vn/templates/app01/assets/histudy/images/bg/bg-g1.webp]
[28tech.com.vn/templates/app01/assets/histudy/images/bg/banner-bg-shape-1.png]
[28tech.com.vn/templates/app01/assets/histudy/images/bg/bg-image-1.jpg]
[28tech.com.vn/templates/app01/assets/histudy/images/bg/bg-image-2.jpg]
[28tech.com.vn/templates/app01/assets/histudy/images/bg/bg-image-3.jpg]
[28tech.com.vn/templates/app01/assets/histudy/images/bg/bg-image-4.jpg]
[28tech.com.vn/templates/app01/assets/histudy/images/bg/bg-image-5.jpg]
[28tech.com.vn/templates/app01/assets/histudy/images/bg/bg-image-6.jpg]
[28tech.com.vn/templates/app01/assets/histudy/images/bg/bg-image-7.jpg]
[28tech.com.vn/templates/app01/assets/histudy/images/bg/bg-image-8.jpg]
[28tech.com.vn/templates/app01/assets/histudy/images/bg/bg-image-9.jpg]
[28tech.com.vn/templates/app01/assets/histudy/images/bg/bg-image-10.jpg]
[28tech.com.vn/templates/app01/assets/histudy/images/bg/bg-image-11.jpg]
[28tech.com.vn/templates/app01/assets/histudy/images/bg/bg-image-12.jpg]
[28tech.com.vn/templates/app01/assets/histudy/images/bg/bg-image-13.jpg]
[28tech.com.vn/templates/app01/assets/histudy/images/bg/bg-image-14.jpg]
[28tech.com.vn/templates/app01/assets/histudy/images/bg/bg-image-15.jpg]
[28tech.com.vn/templates/app01/assets/histudy/images/bg/bg-image-16.jpg]
[28tech.com.vn/templates/app01/assets/histudy/images/bg/bg-image-17.jpg]
[28tech.com.vn/templates/app01/assets/histudy/images/bg/bg-image-18.jpg]
[28tech.com.vn/templates/app01/assets/histudy/images/bg/bg-image-19.jpg]
[28tech.com.vn/templates/app01/assets/histudy/images/bg/bg-image-20.jpg]
[28tech.com.vn/templates/app01/assets/histudy/images/bg/bg-image-21.jpg]
[28tech.com.vn/templates/app01/assets/histudy/images/bg/bg-image-22.jpg]
[28tech.com.vn/templates/app01/assets/histudy/images/bg/bg-image-23.jpg]
[28tech.com.vn/templates/app01/assets/histudy/images/icons/arrow.png]
[28tech.com.vn/templates/app01/assets/histudy/images/icons/yes.png]
[28tech.com.vn/templates/app01/assets/histudy/images/bg/top-banner.png]
[28tech.com.vn/templates/app01/assets/histudy/images/course/category-10.png]
[28tech.com.vn/templates/app01/assets/histudy/images/icons/offer-badge-bg-color.svg]
[28tech.com.vn/templates/app01/assets/histudy/images/shape/dots.svg]
[28tech.com.vn/templates/app01/assets/histudy/images/shape/dots.png]
[28tech.com.vn/templates/app01/assets/histudy/images/testimonial/image-1.png]
[28tech.com.vn/templates/app01/assets/histudy/images/shape/quote.svg]
[28tech.com.vn/templates/app01/assets/histudy/images/icons/quote.svg]
[28tech.com.vn/templates/app01/assets/histudy/images/banner/histudy-text.png]
[28tech.com.vn/templates/app01/assets/histudy/images/splash/bg/bg-2.png]
[28tech.com.vn/templates/app01/assets/histudy/images/splash/cta-01.png]
[28tech.com.vn/templates/app01/assets/histudy/css/style.css]
[28tech.com.vn/templates/app01/assets/css/custom.css]
[28tech.com.vn/khoa-hoc.html]
[cdn-main.28tech.com.vn/media/anh-khoa-hoc/anh_dai_dien_khoa_hoc/new/cơ sở dữ liệu và sql.png]
[cdn-main.28tech.com.vn/media/core/background/bg-image-10.jpg]
[28tech.com.vn/khoa-hoc-zoom.html]
[cdn-main.28tech.com.vn/media/core/icons/card-icon-1.png]
[cdn-main.28tech.com.vn/media/core/icons/sql.png]
[cdn-main.28tech.com.vn/media/core/icons/optimize.png]
[cdn-main.28tech.com.vn/media/core/icons/web-responsive.png]
[cdn-main.28tech.com.vn/media/core/icons/sang-tao.png]
[cdn-main.28tech.com.vn/media/core/icons/kien-thuc.png]
[cdn-main.28tech.com.vn/media/core/icons/cv.png]
[cdn-main.28tech.com.vn/media/core/icons/confidence.png]
[cdn-main.28tech.com.vn/media/core/icons/dinhhuong.png]
[cdn-main.28tech.com.vn/media/core/icons/it_student.png]
[cdn-main.28tech.com.vn/media/core/icons/change_work.png]
[cdn-main.28tech.com.vn/media/core/icons/worry.png]
[cdn-main.28tech.com.vn/media/core/icons/hoc_lieu.png]
[cdn-main.28tech.com.vn/media/core/icons/group.png]
[cdn-main.28tech.com.vn/media/core/icons/support.png]
[cdn-main.28tech.com.vn/media/core/icons/guide.png]
[28tech.com.vn/co-so-du-lieu-va-sql.html]
[cdn-main.28tech.com.vn/media/anh-khoa-hoc/anh_dai_dien_khoa_hoc/lập trình web  fullstack nodejs.png]
[cdn-main.28tech.com.vn/media/anh-khoa-hoc/course-fullstack-2024.jpg]
[cdn-main.28tech.com.vn/media/core/icons/icon-back-end.png]
[cdn-main.28tech.com.vn/media/core/icons/tu-duy.png]
[cdn-main.28tech.com.vn/media/core/icons/nodejs.png]
[cdn-main.28tech.com.vn/media/core/icons/lap-trinh-vien.png]
[cdn-main.28tech.com.vn/media/core/icons/clean-code.png]
[cdn-main.28tech.com.vn/media/core/icons/hoc-sinh.png]
[cdn-main.28tech.com.vn/media/core/icons/think.png]
[cdn-main.28tech.com.vn/media/core/icons/thi-truong.png]
[cdn-main.28tech.com.vn/media/core/icons/cong-viec-linh-hoat.png]
[cdn-main.28tech.com.vn/media/core/icons/lam-viec-online.png]
[28tech.com.vn/lap-trinh-fullstack.html]
[cdn-main.28tech.com.vn/media/anh-khoa-hoc/anh_dai_dien_khoa_hoc/new/c++ từ cơ bản tới nâng cao.png]
[cdn-main.28tech.com.vn/media/anh-khoa-hoc/lo_trinh_khoa_hoc/lộ trình c++ cơ bản tới nâng cao 2024.png]
[cdn-main.28tech.com.vn/media/core/icons/6132222.png]
[cdn-main.28tech.com.vn/media/core/icons/oop.png]
[cdn-main.28tech.com.vn/media/core/icons/ui-ux.png]
[cdn-main.28tech.com.vn/media/core/icons/algo.png]
[cdn-main.28tech.com.vn/media/core/icons/popular.png]
[cdn-main.28tech.com.vn/media/core/icons/web.png]
[28tech.com.vn/lap-trinh-c-co-ban-toi-nang-cao.html]
[cdn-main.28tech.com.vn/media/anh-khoa-hoc/anh_dai_dien_khoa_hoc/new/c++ nâng cao.png]
[cdn-main.28tech.com.vn/media/anh-khoa-hoc/lo_trinh_khoa_hoc/lộ trình c++ nâng cao 2024.png]
[28tech.com.vn/lap-trinh-c-nang-cao.html]
[cdn-main.28tech.com.vn/media/anh-khoa-hoc/anh_dai_dien_khoa_hoc/new/cấu trúc dữ liệu và giải thuật.png]
[cdn-main.28tech.com.vn/media/anh-khoa-hoc/lo_trinh_khoa_hoc/lộ trình cấu trúc dữ liệu _ giải thuật 2024.png]
[cdn-main.28tech.com.vn/media/core/icons/phong-van.png]
[28tech.com.vn/cau-truc-du-lieu-va-giai-thuat.html]
[cdn-main.28tech.com.vn/media/anh-khoa-hoc/anh_dai_dien_khoa_hoc/new/lập trình thi đấu.png]
[cdn-main.28tech.com.vn/media/khoa hoc lap trinh thi dau.png]
[cdn-main.28tech.com.vn/media/core/icons/cup.png]
[28tech.com.vn/lap-trinh-thi-dau.html]
[cdn-main.28tech.com.vn/media/anh-khoa-hoc/anh_dai_dien_khoa_hoc/lập trình  hướng đối tượng java.png]
[cdn-main.28tech.com.vn/media/anh-khoa-hoc/lo_trinh_khoa_hoc/lộ trình java _ sql 2024.png]
[cdn-main.28tech.com.vn/media/core/icons/java.png]
[28tech.com.vn/lap-trinh-huong-doi-tuong-voi-java.html]
[cdn-main.28tech.com.vn/media/anh-khoa-hoc/anh_dai_dien_khoa_hoc/lập trình  web front-end.png]
[cdn-main.28tech.com.vn/media/anh-khoa-hoc/fe-2025.jpg]
[28tech.com.vn/lap-trinh-front-end.html]
[cdn-main.28tech.com.vn/media/core/icons/doi-nganh.png]
[cdn-main.28tech.com.vn/media/anh-khoa-hoc/anh_dai_dien_khoa_hoc/lập trình  web backend nodejs.png]
[cdn-main.28tech.com.vn/media/anh-khoa-hoc/be-2025.jpg]
[28tech.com.vn/lap-trinh-back-end-nodejs.html]
[cdn-main.28tech.com.vn/media/anh-khoa-hoc/anh_dai_dien_khoa_hoc/lập trình  web backend java.png]
[cdn-main.28tech.com.vn/media/anh-khoa-hoc/lo_trinh_khoa_hoc/lộ trình backend java 2024.png]
[cdn-main.28tech.com.vn/media/anh-khoa-hoc/webbackend.png]
[cdn-main.28tech.com.vn/media/core/icons/kinh-nghiem.png]
[cdn-main.28tech.com.vn/media/core/icons/dollar.png]
[28tech.com.vn/lap-trinh-back-end-java.html]
[28tech.com.vn/member/forgot-password.html]
[28tech.com.vn/member/khoa-hoc.html]
[28tech.com.vn/member/login.html]
[28tech.com.vn/member/register.html]
[28tech.com.vn/templates/app01/assets/histudy/css/vendor/fonts/slick.html]
[28tech.com.vn/templates/app01/assets/histudy/css/vendor/fonts/slickd41d.html]
[28tech.com.vn/templates/app01/assets/histudy/css/vendor/fonts/slick-2.html]
[28tech.com.vn/templates/app01/assets/histudy/css/vendor/fonts/slick-3.html]
[28tech.com.vn/templates/app01/assets/histudy/css/vendor/fonts/slick-4.html]
[28tech.com.vn/templates/app01/assets/fonts/lg8306.svg]
[28tech.com.vn/templates/app01/assets/img/shopping-basket.svg]
[28tech.com.vn/templates/app01/assets/media/combined-shape.svg]
[28tech.com.vn/templates/app01/assets/img/video-player.svg]
[28tech.com.vn/templates/app01/assets/img/youtube-logo.svg]
[28tech.com.vn/templates/app01/assets/img/3d.svg]
[28tech.com.vn/templates/app01/assets/img/full-screen.svg]
[28tech.com.vn/templates/app01/assets/histudy/fonts/Feather.svg]
[28tech.com.vn/templates/app01/assets/histudy/fonts/fontawesome-free/webfonts/fa-brands-400.svg]
[28tech.com.vn/templates/app01/assets/histudy/fonts/fontawesome-free/webfonts/fa-regular-400.svg]
[28tech.com.vn/templates/app01/assets/histudy/fonts/fontawesome-free/webfonts/fa-solid-900.svg]
[28tech.com.vn/templates/app01/assets/histudy/css/plugins/images/ui-bg_inset-hard_100_fcfdfd_1x100.html]
[28tech.com.vn/templates/app01/assets/histudy/css/plugins/images/ui-bg_gloss-wave_55_5c9ccc_500x100.html]
[28tech.com.vn/templates/app01/assets/histudy/css/plugins/images/ui-bg_glass_85_dfeffc_1x400.html]
[28tech.com.vn/templates/app01/assets/histudy/css/plugins/images/ui-bg_glass_75_d0e5f5_1x400.html]
[28tech.com.vn/templates/app01/assets/histudy/css/plugins/images/ui-bg_inset-hard_100_f5f8f9_1x100.html]
[28tech.com.vn/templates/app01/assets/histudy/css/plugins/images/ui-bg_glass_95_fef1ec_1x400.html]
[28tech.com.vn/templates/app01/assets/histudy/css/plugins/images/ui-icons_469bdd_256x240.html]
[28tech.com.vn/templates/app01/assets/histudy/css/plugins/images/ui-icons_d8e7f3_256x240.html]
[28tech.com.vn/templates/app01/assets/histudy/css/plugins/images/ui-icons_6da8d5_256x240.html]
[28tech.com.vn/templates/app01/assets/histudy/css/plugins/images/ui-icons_217bc0_256x240.html]
[28tech.com.vn/templates/app01/assets/histudy/css/plugins/images/ui-icons_f9bd01_256x240.html]
[28tech.com.vn/templates/app01/assets/histudy/css/plugins/images/ui-icons_2e83ff_256x240.html]
[28tech.com.vn/templates/app01/assets/histudy/css/plugins/images/ui-icons_cd0a0a_256x240.html]
[28tech.com.vn/templates/app01/assets/histudy/images/bg/bg-image-24.html]
[28tech.com.vn/templates/app01/assets/histudy/images/bg/bg-image-25.html]
[28tech.com.vn/templates/app01/assets/histudy/images/bg/bg-image-26.html]
[28tech.com.vn/templates/app01/assets/histudy/images/bg/bg-image-27.html]
[28tech.com.vn/templates/app01/assets/histudy/images/bg/bg-image-28.html]
[28tech.com.vn/templates/app01/assets/histudy/images/bg/bg-image-29.html]
[28tech.com.vn/templates/app01/assets/histudy/images/bg/bg-image-30.html]
[28tech.com.vn/templates/app01/assets/histudy/images/icons/offer-badge-bg-color.svg]
[28tech.com.vn/templates/app01/assets/histudy/images/shape/dots.svg]
[28tech.com.vn/templates/app01/assets/histudy/images/shape/quote.svg]
[28tech.com.vn/templates/app01/assets/histudy/images/icons/quote.svg]
[28tech.com.vn/templates/app01/assets/histudy/images/bg/banner-bg-shape-1.svg]
[28tech.com.vn/khoa-hoc-zoom.html]
[28tech.com.vn/member/khoa-hoc.html]
[28tech.com.vn/member/login.html]
